\documentclass{article}
\usepackage{package}
\begin{document}
\title{Test 1}
\author{siddharthist}
\date{December 31, 2017}
\maketitle
\begin{definition}[Limit of a function $f:A\subseteq \C\to\C$]
	Let $f:A\subseteq\C\to\C$ and suppose that $a\in\C$ is a limit point of $A$.
  The limit of $f(x)$ as $x$ approaches $a$ is $L\in\C$ if $\forall \epsilon >
  0\in \R$, there exists $\delta>0\in \R$ such that $\forall x\in A$ if
  $0<|x-a|<\delta$, then $|f(x)-L|<\epsilon$.

  We give this the notation
  \begin{equation*}
    \lim_{x\to a} f(x)=L
  \end{equation*}
\end{definition}
\end{document}